// Jest Snapshot v1, https://goo.gl/fbAQLP

exports[`UserView renders the component 1`] = `
<div class="container">
  <div class="content">
    <div class="title"><a href="#contact" class="text-decoration-none"><strong>
          Informações de Contato
        </strong></a></div>
    <hr role="separator" aria-orientation="vertical" class="v-divider v-divider--vertical theme--light">
    <div class="content-card"></div>
  </div>
</div>
`;
